217.174.20.100 - - [09/Nov/2011:05:19:42 +0100] "GET /ianni/cloud_sm.jpg HTTP/1.1" 302 570 "http://www.saeedayoobi.blogfa.com/" "Mozilla/4.0 (compatible; MSIE 7.0; Windows NT 5.1; .NET CLR 2.0.50727; InfoPath.2)"
208.80.194.26 - - [09/Nov/2011:05:23:06 +0100] "GET /~ianni HTTP/1.0" 302 542 "-" "Mozilla/4.0 (compatible; MSIE 6.0; Windows NT 5.0; FunWebProducts; ZangoToolbar 4.8.3)"
220.181.125.107 - - [09/Nov/2011:06:01:32 +0100] "GET /~ianni HTTP/1.1" 302 511 "-" "Sogou web spider/4.0(+http://www.sogou.com/docs/help/webmasters.htm#07)"
66.249.72.243 - - [09/Nov/2011:06:20:11 +0100] "GET /~ianni/foaf.rdf HTTP/1.1" 302 565 "-" "DoCoMo/2.0 N905i(c100;TB;W24H16) (compatible; Googlebot-Mobile/2.1; +http://www.google.com/bot.html)"
95.245.160.54 - - [09/Nov/2011:07:04:48 +0100] "GET /~ianni HTTP/1.1" 302 549 "http://www.google.it/url?sa=t&rct=j&q=gb%20ianni&source=web&cd=1&ved=0CBwQFjAA&url=http%3A%2F%2Fwww.mat.unical.it%2F~ianni&ei=9Be6Tq2oCsTNsgbOqcSvBg&usg=AFQjCNFEHGkAcNeL1bLgQb-fHus_ucqONg" "Mozilla/5.0 (compatible; MSIE 9.0; Windows NT 6.0; Trident/5.0)"
66.249.72.243 - - [09/Nov/2011:07:05:08 +0100] "GET /~ianni HTTP/1.1" 302 549 "-" "Mediapartners-Google"
193.252.118.174 - - [09/Nov/2011:07:15:00 +0100] "GET /~ianni HTTP/1.1" 302 511 "-" "Mozilla/5.0 (Windows; U; Windows NT 5.1; fr; rv:1.8.1) VoilaBot BETA 1.2 (support.voilabot@orange-ftgroup.com)"
180.76.5.162 - - [09/Nov/2011:07:38:34 +0100] "GET /~ianni HTTP/1.1" 302 511 "-" "Mozilla/5.0 (compatible; Baiduspider/2.0; +http://www.baidu.com/search/spider.html)"
202.118.239.191 - - [09/Nov/2011:07:40:54 +0100] "GET /~ianni HTTP/1.1" 302 549 "http://outgoing.mozilla.org/v1/c34d0801bc550b6b7dc5c37bc37425ae4c166828/http%3A//www.gibbi.com" "Mozilla/5.0 (Windows NT 6.1; rv:7.0.1) Gecko/20100101 Firefox/7.0.1"
81.52.143.32 - - [09/Nov/2011:08:44:31 +0100] "GET /ianni/wiki/dlvex HTTP/1.1" 302 527 "-" "Mozilla/5.0 (Windows; U; Windows NT 5.1; fr; rv:1.8.1) VoilaBot BETA 1.2 (support.voilabot@orange-ftgroup.com)"
188.165.248.204 - - [09/Nov/2011:08:58:23 +0100] "GET /~ianni HTTP/1.0" 302 542 "-" "Mozilla/5.0 (compatible; MJ12bot/v1.4.0; http://www.majestic12.co.uk/bot.php?+)"
89.97.55.17 - - [09/Nov/2011:10:27:09 +0100] "GET /informatica/Reti_di_Calcolatori HTTP/1.0" 302 591 "http://www.google.it/url?sa=t&rct=j&q=reti%2Bdi%2Bcalcolatori%2Bianni&source=web&cd=1&ved=0CB0QFjAA&url=http%3A%2F%2Fwww.mat.unical.it%2Finformatica%2FReti_di_Calcolatori&ei=a0e6TrGQDMrBswaFx7TbBg&usg=AFQjCNHX5lUfU5P-VlnIwvm4IHil0UmgRQ" "Mozilla/5.0 (Windows NT 5.1) AppleWebKit/535.2 (KHTML, like Gecko) Chrome/15.0.874.106 Safari/535.2"
151.59.157.131 - - [09/Nov/2011:10:47:11 +0100] "GET /~ianni HTTP/1.1" 302 549 "http://www.google.com/m?q=Ianni&client=ms-opera-mobile-android&channel=new" "Opera/9.80 (X11; Linux zbov; U; it) Presto/2.9.201 Version/11.50"
66.249.72.243 - - [09/Nov/2011:11:13:13 +0100] "GET /~ianni HTTP/1.1" 302 549 "-" "Mozilla/5.0 (compatible; Googlebot/2.1; +http://www.google.com/bot.html)"
151.74.62.177 - - [09/Nov/2011:11:13:15 +0100] "GET /ianni/PonteMareMonti.pdf HTTP/1.1" 302 578 "-" "Mozilla/5.0 (Windows NT 6.1; WOW64) AppleWebKit/534.50 (KHTML, like Gecko) Version/5.1 Safari/534.50"
151.74.62.177 - - [09/Nov/2011:11:19:43 +0100] "GET /ianni/PonteMareMonti.pdf HTTP/1.1" 302 578 "-" "Mozilla/5.0 (Windows NT 6.1; WOW64) AppleWebKit/534.50 (KHTML, like Gecko) Version/5.1 Safari/534.50"
188.152.245.225 - - [09/Nov/2011:12:03:22 +0100] "GET /~ianni/ HTTP/1.1" 302 551 "http://www.unical.it/portale/portaltemplates/view/search_phone.cfm" "Mozilla/5.0 (compatible; MSIE 9.0; Windows NT 6.1; Trident/5.0)"
188.152.245.225 - - [09/Nov/2011:12:06:49 +0100] "GET /~ianni HTTP/1.1" 302 549 "http://www.google.it/url?sa=t&rct=j&q=giovambattista%20ianni&source=web&cd=1&ved=0CBwQFjAA&url=http%3A%2F%2Fwww.mat.unical.it%2F~ianni&ei=xF66TriSIpHoOb7fmbQI&usg=AFQjCNFEHGkAcNeL1bLgQb-fHus_ucqONg" "Mozilla/5.0 (compatible; MSIE 9.0; Windows NT 6.1; Trident/5.0)"
188.152.245.225 - - [09/Nov/2011:12:06:54 +0100] "GET /pers/docenti/ianni/ianni.html HTTP/1.1" 302 580 "http://www.google.it/url?sa=t&rct=j&q=giovambattista%20ianni&source=web&cd=2&ved=0CCMQFjAB&url=http%3A%2F%2Fwww.mat.unical.it%2Fpers%2Fdocenti%2Fianni%2Fianni.html&ei=xF66TriSIpHoOb7fmbQI&usg=AFQjCNGqD_gLxYUjeHTqTrYGtINOpqavEg" "Mozilla/5.0 (compatible; MSIE 9.0; Windows NT 6.1; Trident/5.0)"
188.152.245.225 - - [09/Nov/2011:12:07:00 +0100] "GET /~ianni HTTP/1.1" 302 548 "-" "Mozilla/5.0 (compatible; MSIE 9.0; Windows NT 6.1; Trident/5.0)"
188.152.245.225 - - [09/Nov/2011:12:07:07 +0100] "GET /~ianni/secr HTTP/1.1" 302 556 "-" "Mozilla/5.0 (compatible; MSIE 9.0; Windows NT 6.1; Trident/5.0)"
188.152.245.225 - - [09/Nov/2011:12:10:20 +0100] "GET /~ianni HTTP/1.1" 302 549 "http://www.google.it/url?sa=t&rct=j&q=ianni%20unical&source=web&cd=1&ved=0CBwQFjAA&url=http%3A%2F%2Fwww.mat.unical.it%2F~ianni&ei=e1-6Tpn7M8ucOpavnMgI&usg=AFQjCNFEHGkAcNeL1bLgQb-fHus_ucqONg" "Mozilla/5.0 (compatible; MSIE 9.0; Windows NT 6.1; Trident/5.0)"
212.189.218.66 - - [09/Nov/2011:12:26:20 +0100] "GET /~ianni HTTP/1.0" 302 549 "-" "Mozilla/5.0 (Windows NT 5.1; rv:7.0.1) Gecko/20100101 Firefox/7.0.1"
160.97.8.159 - - [09/Nov/2011:12:31:06 +0100] "GET /~ianni HTTP/1.1" 302 549 "http://www.google.com/url?sa=t&rct=j&q=&esrc=s&source=web&cd=1&ved=0CB0QFjAA&url=http%3A%2F%2Fwww.mat.unical.it%2F~ianni&ei=dWS6Ts_tA4fxsgaSy_nYBg&usg=AFQjCNFEHGkAcNeL1bLgQb-fHus_ucqONg&sig2=XrcHibdZTtLX8XgIpJWZeA" "Mozilla/5.0 (X11; Linux i686; rv:7.0.1) Gecko/20100101 Firefox/7.0.1"
107.22.84.103 - - [09/Nov/2011:13:17:29 +0100] "GET /~ianni/searchengines.html HTTP/1.0" 302 580 "-" "linkdex.com/v2.0"
50.17.65.231 - - [09/Nov/2011:13:17:56 +0100] "GET /~ianni/searchengines.html HTTP/1.0" 302 577 "-" "linkdex.com/v2.0"
160.97.8.159 - - [09/Nov/2011:13:29:09 +0100] "GET /ianni/EsempioLezione07102011.rar HTTP/1.1" 302 593 "-" "Mozilla/4.0 (compatible; MSIE 7.0; Windows NT 6.0; SLCC1; .NET CLR 2.0.50727; Media Center PC 5.0; .NET4.0C; .NET4.0E; .NET CLR 3.5.30729; .NET CLR 3.0.30618)"
151.50.45.50 - - [09/Nov/2011:13:43:28 +0100] "GET /~ianni/ HTTP/1.1" 302 550 "http://www.unical.it/portale/strutture/dipartimenti/matematica/persone/" "Mozilla/4.0 (compatible; MSIE 6.0; Windows NT 5.1)"
151.50.45.50 - - [09/Nov/2011:13:43:29 +0100] "GET /~ianni/ HTTP/1.1" 302 550 "http://www.unical.it/portale/strutture/dipartimenti/matematica/persone/" "Mozilla/4.0 (compatible; MSIE 6.0; Windows NT 5.1)"
151.50.45.50 - - [09/Nov/2011:13:43:30 +0100] "GET /~ianni/ HTTP/1.1" 302 550 "http://www.unical.it/portale/strutture/dipartimenti/matematica/persone/" "Mozilla/4.0 (compatible; MSIE 6.0; Windows NT 5.1)"
109.54.92.3 - - [09/Nov/2011:14:36:38 +0100] "GET /ianni/risSO092011.pdf HTTP/1.1" 302 575 "-" "Mozilla/5.0 (Windows NT 6.0; rv:5.0) Gecko/20100101 Firefox/5.0"
82.51.50.94 - - [09/Nov/2011:15:05:33 +0100] "GET /~ianni HTTP/1.1" 302 549 "-" "Mozilla/5.0 (Windows NT 6.1; WOW64) AppleWebKit/535.2 (KHTML, like Gecko) Chrome/15.0.874.106 Safari/535.2"
82.51.50.94 - - [09/Nov/2011:15:05:40 +0100] "GET /~ianni HTTP/1.1" 302 548 "-" "Mozilla/5.0 (Windows NT 6.1; WOW64) AppleWebKit/535.2 (KHTML, like Gecko) Chrome/15.0.874.106 Safari/535.2"
82.51.50.94 - - [09/Nov/2011:15:08:17 +0100] "GET /~ianni HTTP/1.1" 302 549 "-" "Mozilla/5.0 (Windows NT 6.1; WOW64) AppleWebKit/535.2 (KHTML, like Gecko) Chrome/15.0.874.106 Safari/535.2"
82.51.50.94 - - [09/Nov/2011:15:09:31 +0100] "GET /~ianni HTTP/1.1" 302 549 "-" "Mozilla/5.0 (Windows NT 6.1; WOW64) AppleWebKit/535.2 (KHTML, like Gecko) Chrome/15.0.874.106 Safari/535.2"
151.74.62.177 - - [09/Nov/2011:15:14:03 +0100] "GET /ianni/MainGattoTopoBasic.java HTTP/1.1" 302 587 "-" "Mozilla/5.0 (Windows; U; Windows NT 6.1; it; rv:1.9.2.23) Gecko/20110920 Firefox/3.6.23"
151.74.62.177 - - [09/Nov/2011:15:14:45 +0100] "GET /ianni/MainGattoTopoDisplay.java HTTP/1.1" 302 591 "-" "Mozilla/5.0 (Windows; U; Windows NT 6.1; it; rv:1.9.2.23) Gecko/20110920 Firefox/3.6.23"
178.83.61.199 - - [09/Nov/2011:15:25:08 +0100] "GET /~ianni HTTP/1.1" 302 549 "-" "Mozilla/5.0 (Macintosh; Intel Mac OS X 10.7; rv:8.0) Gecko/20100101 Firefox/8.0"
79.23.115.140 - - [09/Nov/2011:15:44:18 +0100] "GET /~ianni HTTP/1.1" 302 549 "http://www.google.it/url?sa=t&rct=j&q=ianni%20unical&source=web&cd=1&ved=0CBwQFjAA&url=http%3A%2F%2Fwww.mat.unical.it%2F~ianni&ei=vJG6Tq6VLYHtsgbvrJWFBw&usg=AFQjCNFEHGkAcNeL1bLgQb-fHus_ucqONg" "Mozilla/5.0 (Windows NT 6.1) AppleWebKit/535.2 (KHTML, like Gecko) Chrome/15.0.874.106 Safari/535.2"
151.74.62.177 - - [09/Nov/2011:15:55:26 +0100] "GET /ianni/PonteMareMonti.pdf HTTP/1.1" 302 578 "-" "Mozilla/5.0 (Windows NT 6.1; WOW64) AppleWebKit/534.50 (KHTML, like Gecko) Version/5.1 Safari/534.50"
151.74.62.177 - - [09/Nov/2011:15:57:35 +0100] "GET /ianni/storage/ProdConsEmptyFullCondition.java HTTP/1.1" 302 614 "-" "Mozilla/5.0 (Windows NT 6.1; WOW64) AppleWebKit/534.50 (KHTML, like Gecko) Version/5.1 Safari/534.50"
151.74.62.177 - - [09/Nov/2011:15:58:10 +0100] "GET /ianni/storage/CyclicBarrierMacinatore.java HTTP/1.1" 302 608 "-" "Mozilla/5.0 (Windows NT 6.1; WOW64) AppleWebKit/534.50 (KHTML, like Gecko) Version/5.1 Safari/534.50"
151.74.62.177 - - [09/Nov/2011:15:58:31 +0100] "GET /ianni/storage/Pizzeria.pdf HTTP/1.1" 302 582 "-" "Mozilla/5.0 (Windows NT 6.1; WOW64) AppleWebKit/534.50 (KHTML, like Gecko) Version/5.1 Safari/534.50"
151.74.62.177 - - [09/Nov/2011:16:01:21 +0100] "GET /ianni/storage/filosofiSempliciMain.java HTTP/1.1" 302 605 "-" "Mozilla/5.0 (Windows NT 6.1; WOW64) AppleWebKit/534.50 (KHTML, like Gecko) Version/5.1 Safari/534.50"
151.74.62.177 - - [09/Nov/2011:16:04:40 +0100] "GET /ianni/storage/BarrieraMacinatore.java HTTP/1.1" 302 599 "-" "Mozilla/5.0 (Windows NT 6.1; WOW64) AppleWebKit/534.50 (KHTML, like Gecko) Version/5.1 Safari/534.50"
151.74.62.177 - - [09/Nov/2011:16:05:01 +0100] "GET /ianni/Reparto.pdf HTTP/1.1" 302 566 "-" "Mozilla/5.0 (Windows NT 6.1; WOW64) AppleWebKit/534.50 (KHTML, like Gecko) Version/5.1 Safari/534.50"
151.74.62.177 - - [09/Nov/2011:16:06:49 +0100] "GET /ianni/PonteMareMonti.pdf HTTP/1.1" 302 578 "-" "Mozilla/5.0 (Windows NT 6.1; WOW64) AppleWebKit/534.50 (KHTML, like Gecko) Version/5.1 Safari/534.50"
151.74.62.177 - - [09/Nov/2011:16:06:57 +0100] "GET /ianni/Reparto.pdf HTTP/1.1" 302 565 "-" "Mozilla/5.0 (Windows NT 6.1; WOW64) AppleWebKit/534.50 (KHTML, like Gecko) Version/5.1 Safari/534.50"
151.74.62.177 - - [09/Nov/2011:16:07:01 +0100] "GET /ianni/PonteMareMonti.pdf HTTP/1.1" 302 577 "-" "Mozilla/5.0 (Windows NT 6.1; WOW64) AppleWebKit/534.50 (KHTML, like Gecko) Version/5.1 Safari/534.50"
151.74.62.177 - - [09/Nov/2011:16:07:05 +0100] "GET /ianni/Reparto.pdf HTTP/1.1" 302 565 "-" "Mozilla/5.0 (Windows NT 6.1; WOW64) AppleWebKit/534.50 (KHTML, like Gecko) Version/5.1 Safari/534.50"
87.30.129.240 - - [09/Nov/2011:16:17:22 +0100] "GET /~ianni HTTP/1.1" 302 549 "-" "Mozilla/5.0 (Windows NT 6.0; rv:8.0) Gecko/20100101 Firefox/8.0"
81.52.143.30 - - [09/Nov/2011:16:24:35 +0100] "GET /ianni/wiki/dlt HTTP/1.1" 302 523 "-" "Mozilla/5.0 (Windows; U; Windows NT 5.1; fr; rv:1.8.1) VoilaBot BETA 1.2 (support.voilabot@orange-ftgroup.com)"
151.74.62.177 - - [09/Nov/2011:16:57:03 +0100] "GET /ianni/MainSedie.java HTTP/1.1" 302 571 "-" "Mozilla/5.0 (Windows; U; Windows NT 6.1; it; rv:1.9.2.23) Gecko/20110920 Firefox/3.6.23"
208.80.194.36 - - [09/Nov/2011:16:58:38 +0100] "GET /~ianni HTTP/1.0" 302 542 "-" "Mozilla/4.0 (compatible; MSIE 6.0; Windows NT 5.1; sbcydsl 3.12; YPC 3.2.0; .NET CLR 1.1.4322; Badongo 2.0.0; yplus 5.1.04b)"
180.76.5.179 - - [09/Nov/2011:17:00:17 +0100] "GET /~ianni/ HTTP/1.1" 302 513 "-" "Mozilla/5.0 (compatible; Baiduspider/2.0; +http://www.baidu.com/search/spider.html)"
208.80.194.29 - - [09/Nov/2011:17:04:46 +0100] "GET /~ianni/secr HTTP/1.0" 302 552 "-" "Mozilla/4.0 (compatible; MSIE 6.0; Windows NT 5.1; SV1; .NET CLR 1.1.4322; InfoPath.1; .NET CLR 2.0.50727) Netscape/8.0.3.3"
109.230.222.212 - - [09/Nov/2011:17:05:34 +0100] "GET /ianni/wiki/Answer_Set_Programming_for_the_Semantic_Web HTTP/1.1" 302 632 "-" "Mozilla/4.0 (compatible; MSIE 7.0; Windows NT 6.0; Trident/4.0; SLCC1; .NET CLR 2.0.50727; .NET4.0C; .NET4.0E)"
109.230.222.212 - - [09/Nov/2011:17:09:29 +0100] "GET /ianni/wiki/Answer_Set_Programming_for_the_Semantic_Web HTTP/1.1" 302 632 "-" "Mozilla/4.0 (compatible; MSIE 7.0; Windows NT 6.0; Trident/4.0; SLCC1; .NET CLR 2.0.50727; .NET4.0C; .NET4.0E)"
151.74.62.177 - - [09/Nov/2011:17:16:11 +0100] "GET /ianni/ReadWriteLockRWL.java HTTP/1.1" 302 585 "-" "Mozilla/5.0 (Windows; U; Windows NT 6.1; it; rv:1.9.2.23) Gecko/20110920 Firefox/3.6.23"
151.74.62.177 - - [09/Nov/2011:17:22:50 +0100] "GET /ianni/PonteMareMonti.pdf HTTP/1.1" 302 578 "-" "Mozilla/5.0 (Windows; U; Windows NT 6.1; it; rv:1.9.2.23) Gecko/20110920 Firefox/3.6.23"
151.73.200.150 - - [09/Nov/2011:17:25:27 +0100] "GET /~ianni/secr/Chain.jpg HTTP/1.1" 302 573 "http://blog.libero.it/enrages/" "Mozilla/5.0 (Windows NT 5.1; rv:7.0.1) Gecko/20100101 Firefox/7.0.1"
151.73.200.150 - - [09/Nov/2011:17:25:33 +0100] "GET /~ianni/secr/Chain.jpg HTTP/1.1" 302 572 "http://blog.libero.it/enrages/" "Mozilla/5.0 (Windows NT 5.1; rv:7.0.1) Gecko/20100101 Firefox/7.0.1"
151.74.62.177 - - [09/Nov/2011:17:27:49 +0100] "GET /ianni/ReadWriteLock.java HTTP/1.1" 302 578 "-" "Mozilla/5.0 (Windows; U; Windows NT 6.1; it; rv:1.9.2.23) Gecko/20110920 Firefox/3.6.23"
84.222.131.243 - - [09/Nov/2011:17:58:25 +0100] "GET /~ianni/secr/Chain.jpg HTTP/1.1" 302 573 "http://blog.libero.it/enrages/" "Mozilla/5.0 (Windows NT 5.1; rv:7.0.1) Gecko/20100101 Firefox/7.0.1"
151.54.42.229 - - [09/Nov/2011:18:23:06 +0100] "GET /ianni/PonteMareMonti.pdf HTTP/1.1" 302 578 "-" "Mozilla/5.0 (X11; U; Linux i686; en-US; rv:1.9.2.23) Gecko/20110921 Ubuntu/10.04 (lucid) Firefox/3.6.23"
151.54.42.229 - - [09/Nov/2011:18:24:20 +0100] "GET /ianni/storage/ProdConsEmptyFullCondition.java HTTP/1.1" 302 614 "-" "Mozilla/5.0 (X11; U; Linux i686; en-US; rv:1.9.2.23) Gecko/20110921 Ubuntu/10.04 (lucid) Firefox/3.6.23"
151.74.62.177 - - [09/Nov/2011:18:28:57 +0100] "GET /ianni/PonteMareMonti.pdf HTTP/1.1" 302 578 "-" "Mozilla/5.0 (Windows; U; Windows NT 6.1; it; rv:1.9.2.23) Gecko/20110920 Firefox/3.6.23"
151.74.62.177 - - [09/Nov/2011:18:36:00 +0100] "GET /ianni/Reparto.pdf HTTP/1.1" 302 566 "-" "Mozilla/5.0 (Windows NT 6.1; WOW64) AppleWebKit/534.50 (KHTML, like Gecko) Version/5.1 Safari/534.50"
151.74.62.177 - - [09/Nov/2011:18:45:38 +0100] "GET /ianni/Reparto.pdf HTTP/1.1" 302 566 "-" "Mozilla/5.0 (Windows NT 6.1; WOW64) AppleWebKit/534.50 (KHTML, like Gecko) Version/5.1 Safari/534.50"
180.76.5.92 - - [09/Nov/2011:18:52:14 +0100] "GET /ianni/wiki/dlt HTTP/1.1" 302 523 "-" "Mozilla/5.0 (compatible; Baiduspider/2.0; +http://www.baidu.com/search/spider.html)"
151.74.62.177 - - [09/Nov/2011:18:57:54 +0100] "GET /ianni/Reparto.pdf HTTP/1.1" 302 566 "-" "Mozilla/5.0 (Windows NT 6.1; WOW64) AppleWebKit/534.50 (KHTML, like Gecko) Version/5.1 Safari/534.50"
151.74.62.177 - - [09/Nov/2011:19:01:57 +0100] "GET /ianni/Reparto.pdf HTTP/1.1" 302 566 "-" "Mozilla/5.0 (Windows NT 6.1; WOW64) AppleWebKit/534.50 (KHTML, like Gecko) Version/5.1 Safari/534.50"
151.74.62.177 - - [09/Nov/2011:19:08:48 +0100] "GET /ianni/Reparto.pdf HTTP/1.1" 302 566 "-" "Mozilla/5.0 (Windows NT 6.1; WOW64) AppleWebKit/534.50 (KHTML, like Gecko) Version/5.1 Safari/534.50"
151.54.42.229 - - [09/Nov/2011:19:24:08 +0100] "GET /ianni/storage/ProdConsEmptyFullCondition.java HTTP/1.1" 302 614 "-" "Mozilla/5.0 (X11; U; Linux i686; en-US; rv:1.9.2.23) Gecko/20110921 Ubuntu/10.04 (lucid) Firefox/3.6.23"
151.54.42.229 - - [09/Nov/2011:19:30:26 +0100] "GET /ianni/storage/Pizzeria.pdf HTTP/1.1" 302 582 "-" "Mozilla/5.0 (X11; U; Linux i686; en-US; rv:1.9.2.23) Gecko/20110921 Ubuntu/10.04 (lucid) Firefox/3.6.23"
151.74.62.177 - - [09/Nov/2011:19:35:34 +0100] "GET /ianni/MainSedie.java HTTP/1.1" 302 571 "-" "Mozilla/5.0 (Windows NT 6.1; WOW64) AppleWebKit/534.50 (KHTML, like Gecko) Version/5.1 Safari/534.50"
151.74.62.177 - - [09/Nov/2011:19:43:03 +0100] "GET /ianni/MainSedie.java HTTP/1.1" 302 571 "-" "Mozilla/5.0 (Windows NT 6.1; WOW64) AppleWebKit/534.50 (KHTML, like Gecko) Version/5.1 Safari/534.50"
151.74.62.177 - - [09/Nov/2011:19:43:58 +0100] "GET /ianni/MainSedie.java HTTP/1.1" 302 571 "-" "Mozilla/5.0 (Windows NT 6.1; WOW64) AppleWebKit/534.50 (KHTML, like Gecko) Version/5.1 Safari/534.50"
151.74.62.177 - - [09/Nov/2011:19:44:04 +0100] "GET /ianni/MainGattoTopoDisplay.java HTTP/1.1" 302 590 "-" "Mozilla/5.0 (Windows NT 6.1; WOW64) AppleWebKit/534.50 (KHTML, like Gecko) Version/5.1 Safari/534.50"
151.74.62.177 - - [09/Nov/2011:19:44:15 +0100] "GET /ianni/ReadWriteLock.java HTTP/1.1" 302 577 "-" "Mozilla/5.0 (Windows NT 6.1; WOW64) AppleWebKit/534.50 (KHTML, like Gecko) Version/5.1 Safari/534.50"
151.74.62.177 - - [09/Nov/2011:19:44:31 +0100] "GET /ianni/MainSedie.java HTTP/1.1" 302 571 "-" "Mozilla/5.0 (Windows NT 6.1; WOW64) AppleWebKit/534.50 (KHTML, like Gecko) Version/5.1 Safari/534.50"
151.74.62.177 - - [09/Nov/2011:19:54:55 +0100] "GET /ianni/Reparto.pdf HTTP/1.1" 302 566 "-" "Mozilla/5.0 (Windows NT 6.1; WOW64) AppleWebKit/534.50 (KHTML, like Gecko) Version/5.1 Safari/534.50"
151.74.62.177 - - [09/Nov/2011:19:56:35 +0100] "GET /ianni/MainSedie.java HTTP/1.1" 302 571 "-" "Mozilla/5.0 (Windows NT 6.1; WOW64) AppleWebKit/534.50 (KHTML, like Gecko) Version/5.1 Safari/534.50"
151.74.62.177 - - [09/Nov/2011:20:04:36 +0100] "GET /ianni/MainSedie.java HTTP/1.1" 302 571 "-" "Mozilla/5.0 (Windows NT 6.1; WOW64) AppleWebKit/534.50 (KHTML, like Gecko) Version/5.1 Safari/534.50"
151.74.62.177 - - [09/Nov/2011:20:05:16 +0100] "GET /ianni/MainSedie.java HTTP/1.1" 302 571 "-" "Mozilla/5.0 (Windows NT 6.1; WOW64) AppleWebKit/534.50 (KHTML, like Gecko) Version/5.1 Safari/534.50"
151.74.62.177 - - [09/Nov/2011:20:07:00 +0100] "GET /ianni/MainSedie.java HTTP/1.1" 302 571 "-" "Mozilla/5.0 (Windows NT 6.1; WOW64) AppleWebKit/534.50 (KHTML, like Gecko) Version/5.1 Safari/534.50"
160.97.8.159 - - [09/Nov/2011:20:49:44 +0100] "GET /calimeri/ HTTP/1.1" 302 552 "http://www.google.it/url?sa=t&rct=j&q=ianni%20unical%20best%20professore%20in%20the%20world&source=web&cd=3&ved=0CCsQFjAC&url=http%3A%2F%2Fwww.mat.unical.it%2Fcalimeri%2F&ei=O9m6TurdG8PV4QSDguWrCA&usg=AFQjCNGBh1QKQZ3gY_UMe9RQWOCZ7jQWTA" "Mozilla/5.0 (Windows NT 6.1; WOW64) AppleWebKit/535.2 (KHTML, like Gecko) Chrome/15.0.874.106 Safari/535.2"
79.46.91.219 - - [09/Nov/2011:20:57:16 +0100] "GET /~ianni HTTP/1.1" 302 549 "-" "Mozilla/5.0 (X11; Linux i686; rv:7.0.1) Gecko/20100101 Firefox/7.0.1"
160.97.8.159 - - [09/Nov/2011:20:59:33 +0100] "GET /ianni/risSO092011.pdf HTTP/1.1" 302 575 "-" "Mozilla/5.0 (Windows NT 6.1; WOW64) AppleWebKit/535.2 (KHTML, like Gecko) Chrome/15.0.874.106 Safari/535.2"
160.97.8.159 - - [09/Nov/2011:21:01:12 +0100] "GET /~ianni HTTP/1.1" 302 549 "-" "Mozilla/5.0 (Windows NT 6.1; WOW64) AppleWebKit/535.2 (KHTML, like Gecko) Chrome/15.0.874.106 Safari/535.2"
95.245.161.113 - - [09/Nov/2011:21:48:26 +0100] "GET /~ianni HTTP/1.1" 302 549 "-" "Opera/9.80 (X11; Linux i686; U; it) Presto/2.9.168 Version/11.52"
95.245.161.113 - - [09/Nov/2011:21:58:21 +0100] "GET /ianni/PonteMareMonti.pdf HTTP/1.1" 302 578 "-" "Opera/9.80 (X11; Linux i686; U; it) Presto/2.9.168 Version/11.52"
95.245.161.113 - - [09/Nov/2011:21:58:52 +0100] "GET /ianni/Reparto.pdf HTTP/1.1" 302 566 "-" "Opera/9.80 (X11; Linux i686; U; it) Presto/2.9.168 Version/11.52"
95.245.161.113 - - [09/Nov/2011:21:59:08 +0100] "GET /ianni/storage/filosofiSempliciMain.java HTTP/1.1" 302 605 "-" "Opera/9.80 (X11; Linux i686; U; it) Presto/2.9.168 Version/11.52"
95.245.161.113 - - [09/Nov/2011:22:06:00 +0100] "GET /ianni/storage/filosofiSempliciMain.java HTTP/1.1" 302 605 "-" "Opera/9.80 (X11; Linux i686; U; it) Presto/2.9.168 Version/11.52"
190.23.127.227 - - [09/Nov/2011:22:19:15 +0100] "GET /~ianni HTTP/1.1" 302 549 "-" "Mozilla/5.0 (X11; Linux x86_64; rv:2.0.1) Gecko/20100101 Firefox/4.0.1"
66.249.72.243 - - [09/Nov/2011:22:34:24 +0100] "GET /~ianni/foaf.rdf HTTP/1.1" 302 565 "-" "DoCoMo/2.0 N905i(c100;TB;W24H16) (compatible; Googlebot-Mobile/2.1; +http://www.google.com/bot.html)"
151.27.70.62 - - [09/Nov/2011:22:37:55 +0100] "GET /ianni/risSO092011.pdf HTTP/1.1" 302 598 "-" "Mozilla/5.0 (X11; Linux i686 on x86_64; rv:8.0) Gecko/20100101 Firefox/8.0"
151.74.62.177 - - [09/Nov/2011:23:01:07 +0100] "GET /ianni/MainSedie.java HTTP/1.1" 302 571 "-" "Mozilla/5.0 (Windows NT 6.1; WOW64) AppleWebKit/534.50 (KHTML, like Gecko) Version/5.1 Safari/534.50"
151.74.62.177 - - [10/Nov/2011:00:30:35 +0100] "GET /ianni/Reparto.pdf HTTP/1.1" 302 566 "-" "Mozilla/5.0 (Windows NT 6.1; WOW64) AppleWebKit/534.50 (KHTML, like Gecko) Version/5.1 Safari/534.50"
151.74.62.177 - - [10/Nov/2011:00:30:48 +0100] "GET /ianni/ReadWriteLockRWL.java HTTP/1.1" 302 584 "-" "Mozilla/5.0 (Windows NT 6.1; WOW64) AppleWebKit/534.50 (KHTML, like Gecko) Version/5.1 Safari/534.50"
151.74.62.177 - - [10/Nov/2011:00:31:50 +0100] "GET /ianni/ReadWriteLock.java HTTP/1.1" 302 578 "-" "Mozilla/5.0 (Windows NT 6.1; WOW64) AppleWebKit/534.50 (KHTML, like Gecko) Version/5.1 Safari/534.50"
188.34.20.127 - - [10/Nov/2011:01:30:53 +0100] "GET /ianni/cloud_sm.jpg HTTP/1.1" 302 570 "http://www.saeedayoobi.blogfa.com/" "Mozilla/5.0 (Windows NT 6.1; WOW64) AppleWebKit/535.2 (KHTML, like Gecko) Chrome/15.0.874.106 Safari/535.2"
66.249.72.57 - - [10/Nov/2011:01:35:44 +0100] "GET /~ianni/secr/Chain.jpg HTTP/1.1" 302 573 "-" "Googlebot-Image/1.0"
151.74.62.177 - - [10/Nov/2011:01:44:18 +0100] "GET /ianni/MainSedie.java HTTP/1.1" 302 571 "-" "Mozilla/5.0 (Windows NT 6.1; WOW64) AppleWebKit/534.50 (KHTML, like Gecko) Version/5.1 Safari/534.50"
151.54.42.229 - - [10/Nov/2011:02:33:07 +0100] "GET /ianni/storage/ProdConsEmptyFullCondition.java HTTP/1.1" 302 614 "-" "Mozilla/5.0 (X11; U; Linux i686; en-US; rv:1.9.2.23) Gecko/20110921 Ubuntu/10.04 (lucid) Firefox/3.6.23"
151.54.42.229 - - [10/Nov/2011:02:39:41 +0100] "GET /ianni/storage/ProdConsEmptyFullCondition.java HTTP/1.1" 302 614 "-" "Mozilla/5.0 (X11; U; Linux i686; en-US; rv:1.9.2.23) Gecko/20110921 Ubuntu/10.04 (lucid) Firefox/3.6.23"
222.186.26.41 - - [10/Nov/2011:03:31:50 +0100] "GET /ianni/swlp/ HTTP/1.1" 302 552 "-" "Mozilla/4.0 (compatible; MSIE 5.0; Windows NT)"
91.224.160.177 - - [10/Nov/2011:04:02:21 +0100] "GET /ianni/wiki/dlvex HTTP/1.1" 302 562 "-" "Mozilla/4.0 (compatible; MSIE 6.0; Windows NT 5.1; SV1)"
66.249.72.243 - - [10/Nov/2011:04:58:35 +0100] "GET /ianni/foaf.rdf HTTP/1.1" 302 561 "-" "Mozilla/5.0 (compatible; Googlebot/2.1; +http://www.google.com/bot.html)"
217.174.20.100 - - [09/Nov/2011:05:20:37 +0100] "GET /ianni/cloud_sm.jpg HTTP/1.1" 200 66549 "http://www.saeedayoobi.blogfa.com/" "Mozilla/4.0 (compatible; MSIE 7.0; Windows NT 5.1; .NET CLR 2.0.50727; InfoPath.2)"
208.80.194.26 - - [09/Nov/2011:05:23:07 +0100] "GET /~ianni HTTP/1.0" 301 5447 "-" "Mozilla/4.0 (compatible; MSIE 6.0; Windows NT 5.1; SV1; FunWebProducts; SpamBlockerUtility 4.8.0; ZangoToolbar 4.8.3; .NET CLR 2.0.50727)"
208.80.194.26 - - [09/Nov/2011:05:23:08 +0100] "GET /~ianni/ HTTP/1.0" 200 13873 "-" "Mozilla/4.0 (compatible; MSIE 6.0; Windows NT 5.1; SV1; AAFES IE6 SP1 Build 1.2; InfoPath.1; .NET CLR 2.0.50727; .NET CLR 3.0.04506.30)"
66.249.72.143 - - [09/Nov/2011:06:20:13 +0100] "GET /~ianni/foaf.rdf HTTP/1.1" 200 7435 "-" "DoCoMo/2.0 N905i(c100;TB;W24H16) (compatible; Googlebot-Mobile/2.1; +http://www.google.com/bot.html)"
95.245.160.54 - - [09/Nov/2011:07:04:50 +0100] "GET /~ianni HTTP/1.1" 301 5497 "http://www.google.it/url?sa=t&rct=j&q=gb%20ianni&source=web&cd=1&ved=0CBwQFjAA&url=http%3A%2F%2Fwww.mat.unical.it%2F~ianni&ei=9Be6Tq2oCsTNsgbOqcSvBg&usg=AFQjCNFEHGkAcNeL1bLgQb-fHus_ucqONg" "Mozilla/5.0 (compatible; MSIE 9.0; Windows NT 6.0; Trident/5.0)"
95.245.160.54 - - [09/Nov/2011:07:04:50 +0100] "GET /~ianni/ HTTP/1.1" 200 3283 "http://www.google.it/url?sa=t&rct=j&q=gb%20ianni&source=web&cd=1&ved=0CBwQFjAA&url=http%3A%2F%2Fwww.mat.unical.it%2F~ianni&ei=9Be6Tq2oCsTNsgbOqcSvBg&usg=AFQjCNFEHGkAcNeL1bLgQb-fHus_ucqONg" "Mozilla/5.0 (compatible; MSIE 9.0; Windows NT 6.0; Trident/5.0)"
95.245.160.54 - - [09/Nov/2011:07:04:50 +0100] "GET /~ianni/mail.jpg HTTP/1.1" 200 3014 "https://www.mat.unical.it/~ianni/" "Mozilla/5.0 (compatible; MSIE 9.0; Windows NT 6.0; Trident/5.0)"
95.245.160.54 - - [09/Nov/2011:07:04:51 +0100] "GET /~ianni/foafTiny.gif HTTP/1.1" 200 1619 "https://www.mat.unical.it/~ianni/" "Mozilla/5.0 (compatible; MSIE 9.0; Windows NT 6.0; Trident/5.0)"
95.245.160.54 - - [09/Nov/2011:07:04:50 +0100] "GET /~ianni/L_GB2.jpg HTTP/1.1" 200 38974 "https://www.mat.unical.it/~ianni/" "Mozilla/5.0 (compatible; MSIE 9.0; Windows NT 6.0; Trident/5.0)"
66.249.72.143 - - [09/Nov/2011:07:05:10 +0100] "GET /~ianni HTTP/1.1" 301 5692 "-" "Mediapartners-Google"
66.249.72.143 - - [09/Nov/2011:07:05:10 +0100] "GET /~ianni/ HTTP/1.1" 200 3283 "-" "Mediapartners-Google"
95.245.160.54 - - [09/Nov/2011:07:05:40 +0100] "GET /ianni/wiki/IdeasFoundry HTTP/1.1" 200 3754 "https://www.mat.unical.it/~ianni/" "Mozilla/5.0 (compatible; MSIE 9.0; Windows NT 6.0; Trident/5.0)"
95.245.160.54 - - [09/Nov/2011:07:05:40 +0100] "GET /wiki/common/js/common.js HTTP/1.1" 200 9148 "https://www.mat.unical.it/ianni/wiki/IdeasFoundry" "Mozilla/5.0 (compatible; MSIE 9.0; Windows NT 6.0; Trident/5.0)"
95.245.160.54 - - [09/Nov/2011:07:05:40 +0100] "GET /wiki/modern/css/common.css HTTP/1.1" 200 3619 "https://www.mat.unical.it/ianni/wiki/IdeasFoundry" "Mozilla/5.0 (compatible; MSIE 9.0; Windows NT 6.0; Trident/5.0)"
95.245.160.54 - - [09/Nov/2011:07:05:41 +0100] "GET /wiki/modern/css/screen.css HTTP/1.1" 200 3001 "https://www.mat.unical.it/ianni/wiki/IdeasFoundry" "Mozilla/5.0 (compatible; MSIE 9.0; Windows NT 6.0; Trident/5.0)"
95.245.160.54 - - [09/Nov/2011:07:05:41 +0100] "GET /wiki/modern/css/print.css HTTP/1.1" 200 1024 "https://www.mat.unical.it/ianni/wiki/IdeasFoundry" "Mozilla/5.0 (compatible; MSIE 9.0; Windows NT 6.0; Trident/5.0)"
95.245.160.54 - - [09/Nov/2011:07:05:41 +0100] "GET /wiki/modern/css/projection.css HTTP/1.1" 200 898 "https://www.mat.unical.it/ianni/wiki/IdeasFoundry" "Mozilla/5.0 (compatible; MSIE 9.0; Windows NT 6.0; Trident/5.0)"
95.245.160.54 - - [09/Nov/2011:07:05:41 +0100] "GET /wiki/modern/img/moin-www.png HTTP/1.1" 200 491 "https://www.mat.unical.it/ianni/wiki/IdeasFoundry" "Mozilla/5.0 (compatible; MSIE 9.0; Windows NT 6.0; Trident/5.0)"
95.245.160.54 - - [09/Nov/2011:07:06:43 +0100] "GET /~ianni/ HTTP/1.1" 304 369 "http://www.google.it/url?sa=t&rct=j&q=gb%20ianni&source=web&cd=1&ved=0CBwQFjAA&url=http%3A%2F%2Fwww.mat.unical.it%2F~ianni&ei=9Be6Tq2oCsTNsgbOqcSvBg&usg=AFQjCNFEHGkAcNeL1bLgQb-fHus_ucqONg" "Mozilla/5.0 (compatible; MSIE 9.0; Windows NT 6.0; Trident/5.0)"
95.245.160.54 - - [09/Nov/2011:07:06:43 +0100] "GET /~ianni/L_GB2.jpg HTTP/1.1" 304 346 "https://www.mat.unical.it/~ianni/" "Mozilla/5.0 (compatible; MSIE 9.0; Windows NT 6.0; Trident/5.0)"
95.245.160.54 - - [09/Nov/2011:07:06:43 +0100] "GET /~ianni/mail.jpg HTTP/1.1" 304 211 "https://www.mat.unical.it/~ianni/" "Mozilla/5.0 (compatible; MSIE 9.0; Windows NT 6.0; Trident/5.0)"
95.245.160.54 - - [09/Nov/2011:07:06:43 +0100] "GET /~ianni/foafTiny.gif HTTP/1.1" 304 345 "https://www.mat.unical.it/~ianni/" "Mozilla/5.0 (compatible; MSIE 9.0; Windows NT 6.0; Trident/5.0)"
202.118.239.191 - - [09/Nov/2011:07:40:56 +0100] "GET /~ianni HTTP/1.1" 301 5692 "http://outgoing.mozilla.org/v1/c34d0801bc550b6b7dc5c37bc37425ae4c166828/http%3A//www.gibbi.com" "Mozilla/5.0 (Windows NT 6.1; rv:7.0.1) Gecko/20100101 Firefox/7.0.1"
202.118.239.191 - - [09/Nov/2011:07:40:56 +0100] "GET /~ianni/ HTTP/1.1" 200 3283 "http://outgoing.mozilla.org/v1/c34d0801bc550b6b7dc5c37bc37425ae4c166828/http%3A//www.gibbi.com" "Mozilla/5.0 (Windows NT 6.1; rv:7.0.1) Gecko/20100101 Firefox/7.0.1"
202.118.239.191 - - [09/Nov/2011:07:40:57 +0100] "GET /~ianni/mail.jpg HTTP/1.1" 200 7903 "https://www.mat.unical.it/~ianni/" "Mozilla/5.0 (Windows NT 6.1; rv:7.0.1) Gecko/20100101 Firefox/7.0.1"
202.118.239.191 - - [09/Nov/2011:07:40:57 +0100] "GET /~ianni/foafTiny.gif HTTP/1.1" 200 1619 "https://www.mat.unical.it/~ianni/" "Mozilla/5.0 (Windows NT 6.1; rv:7.0.1) Gecko/20100101 Firefox/7.0.1"
202.118.239.191 - - [09/Nov/2011:07:40:56 +0100] "GET /~ianni/L_GB2.jpg HTTP/1.1" 200 38974 "https://www.mat.unical.it/~ianni/" "Mozilla/5.0 (Windows NT 6.1; rv:7.0.1) Gecko/20100101 Firefox/7.0.1"
202.118.239.191 - - [09/Nov/2011:07:41:56 +0100] "GET /informatica/Ianni_Giovambattista HTTP/1.1" 302 769 "https://www.mat.unical.it/~ianni/" "Mozilla/5.0 (Windows NT 6.1; rv:7.0.1) Gecko/20100101 Firefox/7.0.1"
202.118.239.191 - - [09/Nov/2011:07:41:57 +0100] "GET /informatica/Ianni%20Giovambattista HTTP/1.1" 200 6252 "https://www.mat.unical.it/~ianni/" "Mozilla/5.0 (Windows NT 6.1; rv:7.0.1) Gecko/20100101 Firefox/7.0.1"
141.76.189.77 - - [09/Nov/2011:10:01:51 +0100] "GET /ianni/swlp/ HTTP/1.1" 200 5757 "http://www.google.com/url?sa=t&rct=j&q=nlp%20description%20logic&source=web&cd=7&ved=0CE0QFjAG&url=https%3A%2F%2Fwww.mat.unical.it%2Fianni%2Fswlp%2F&ei=aEG6Trm_E8rItAaG17HABg&usg=AFQjCNGmZ8tDETklUzHOJucn6bvmXovs1w&sig2=A4fGl6BwEyk1o8BenzDKew" "Mozilla/5.0 (Windows NT 6.1) AppleWebKit/534.30 (KHTML, like Gecko) Chrome/12.0.742.122 Safari/534.30 ChromePlus/1.6.3.1"
141.76.189.77 - - [09/Nov/2011:10:01:51 +0100] "GET /ianni/swlp/head.html HTTP/1.1" 200 607 "https://www.mat.unical.it/ianni/swlp/" "Mozilla/5.0 (Windows NT 6.1) AppleWebKit/534.30 (KHTML, like Gecko) Chrome/12.0.742.122 Safari/534.30 ChromePlus/1.6.3.1"
141.76.189.77 - - [09/Nov/2011:10:01:51 +0100] "GET /ianni/swlp/intro.html HTTP/1.1" 200 1264 "https://www.mat.unical.it/ianni/swlp/" "Mozilla/5.0 (Windows NT 6.1) AppleWebKit/534.30 (KHTML, like Gecko) Chrome/12.0.742.122 Safari/534.30 ChromePlus/1.6.3.1"
141.76.189.77 - - [09/Nov/2011:10:01:51 +0100] "GET /ianni/swlp/common.css HTTP/1.1" 200 1644 "https://www.mat.unical.it/ianni/swlp/head.html" "Mozilla/5.0 (Windows NT 6.1) AppleWebKit/534.30 (KHTML, like Gecko) Chrome/12.0.742.122 Safari/534.30 ChromePlus/1.6.3.1"
89.97.55.17 - - [09/Nov/2011:10:27:17 +0100] "GET /informatica/Reti_di_Calcolatori HTTP/1.1" 302 5612 "http://www.google.it/url?sa=t&rct=j&q=reti%2Bdi%2Bcalcolatori%2Bianni&source=web&cd=1&ved=0CB0QFjAA&url=http%3A%2F%2Fwww.mat.unical.it%2Finformatica%2FReti_di_Calcolatori&ei=a0e6TrGQDMrBswaFx7TbBg&usg=AFQjCNHX5lUfU5P-VlnIwvm4IHil0UmgRQ" "Mozilla/5.0 (Windows NT 5.1) AppleWebKit/535.2 (KHTML, like Gecko) Chrome/15.0.874.106 Safari/535.2"
89.97.55.17 - - [09/Nov/2011:10:27:17 +0100] "GET /informatica/Reti%20di%20Calcolatori HTTP/1.1" 200 9378 "http://www.google.it/url?sa=t&rct=j&q=reti%2Bdi%2Bcalcolatori%2Bianni&source=web&cd=1&ved=0CB0QFjAA&url=http%3A%2F%2Fwww.mat.unical.it%2Finformatica%2FReti_di_Calcolatori&ei=a0e6TrGQDMrBswaFx7TbBg&usg=AFQjCNHX5lUfU5P-VlnIwvm4IHil0UmgRQ" "Mozilla/5.0 (Windows NT 5.1) AppleWebKit/535.2 (KHTML, like Gecko) Chrome/15.0.874.106 Safari/535.2"
89.97.55.17 - - [09/Nov/2011:10:34:06 +0100] "GET /ianni/netkit-filesystem-i386-F5.1.patch3.tar.bz2 HTTP/1.1" 200 730651 "-" "Mozilla/5.0 (Windows NT 5.1) AppleWebKit/535.2 (KHTML, like Gecko) Chrome/15.0.874.106 Safari/535.2"
89.97.55.17 - - [09/Nov/2011:10:34:17 +0100] "GET /ianni/ HTTP/1.1" 200 8254 "-" "Mozilla/5.0 (Windows NT 5.1) AppleWebKit/535.2 (KHTML, like Gecko) Chrome/15.0.874.106 Safari/535.2"
89.97.55.17 - - [09/Nov/2011:10:34:17 +0100] "GET /ianni/mail.jpg HTTP/1.1" 200 7718 "https://www.mat.unical.it/ianni/" "Mozilla/5.0 (Windows NT 5.1) AppleWebKit/535.2 (KHTML, like Gecko) Chrome/15.0.874.106 Safari/535.2"
89.97.55.17 - - [09/Nov/2011:10:34:17 +0100] "GET /ianni/L_GB2.jpg HTTP/1.1" 200 37827 "https://www.mat.unical.it/ianni/" "Mozilla/5.0 (Windows NT 5.1) AppleWebKit/535.2 (KHTML, like Gecko) Chrome/15.0.874.106 Safari/535.2"
89.97.55.17 - - [09/Nov/2011:10:34:17 +0100] "GET /ianni/foafTiny.gif HTTP/1.1" 200 1362 "https://www.mat.unical.it/ianni/" "Mozilla/5.0 (Windows NT 5.1) AppleWebKit/535.2 (KHTML, like Gecko) Chrome/15.0.874.106 Safari/535.2"
89.97.55.17 - - [09/Nov/2011:10:35:23 +0100] "GET /ianni/netkit-filesystem-i386-F5.1.patch3.tar.bz2 HTTP/1.1" 206 467 "-" "Mozilla/5.0 (Windows NT 5.1) AppleWebKit/535.2 (KHTML, like Gecko) Chrome/15.0.874.106 Safari/535.2"
89.97.55.17 - - [09/Nov/2011:10:35:23 +0100] "GET /ianni/netkit-filesystem-i386-F5.1.patch3.tar.bz2 HTTP/1.1" 206 562100 "-" "Mozilla/5.0 (Windows NT 5.1) AppleWebKit/535.2 (KHTML, like Gecko) Chrome/15.0.874.106 Safari/535.2"
89.97.55.17 - - [09/Nov/2011:10:41:47 +0100] "GET /ianni/netkit-filesystem-i386-F5.1.patch3.tar.bz2 HTTP/1.1" 206 5162 "http://www.facebook.com/l.php?u=https%3A%2F%2Fwww.mat.unical.it%2Fianni%2Fnetkit-filesystem-i386-F5.1.patch3.tar.bz2&h=hAQHLici4AQFvjLKoNxRBTd_EKsMfpcagdJPY6AAEvjnHjA" "Mozilla/5.0 (Windows NT 5.1) AppleWebKit/535.2 (KHTML, like Gecko) Chrome/15.0.874.106 Safari/535.2"
66.220.147.244 - - [09/Nov/2011:10:41:51 +0100] "GET /ianni/netkit-filesystem-i386-F5.1.patch3.tar.bz2 HTTP/1.1" 206 46143 "-" "facebookexternalhit/1.1 (+http://www.facebook.com/externalhit_uatext.php)"
151.59.157.131 - - [09/Nov/2011:10:47:18 +0100] "GET /~ianni HTTP/1.1" 301 5497 "http://www.google.com/m?q=Ianni&client=ms-opera-mobile-android&channel=new" "Opera/9.80 (X11; Linux zbov; U; it) Presto/2.9.201 Version/11.50"
151.59.157.131 - - [09/Nov/2011:10:47:21 +0100] "GET /~ianni/ HTTP/1.1" 200 3417 "http://www.google.com/m?q=Ianni&client=ms-opera-mobile-android&channel=new" "Opera/9.80 (X11; Linux zbov; U; it) Presto/2.9.201 Version/11.50"
151.59.157.131 - - [09/Nov/2011:10:47:23 +0100] "GET /favicon.ico HTTP/1.1" 200 11154 "https://www.mat.unical.it/~ianni/" "Opera/9.80 (X11; Linux zbov; U; it) Presto/2.9.201 Version/11.50"
151.59.157.131 - - [09/Nov/2011:10:47:34 +0100] "GET /~ianni/mail.jpg HTTP/1.1" 200 3014 "https://www.mat.unical.it/~ianni/" "Opera/9.80 (X11; Linux zbov; U; it) Presto/2.9.201 Version/11.50"
151.59.157.131 - - [09/Nov/2011:10:47:34 +0100] "GET /~ianni/foafTiny.gif HTTP/1.1" 200 1619 "https://www.mat.unical.it/~ianni/" "Opera/9.80 (X11; Linux zbov; U; it) Presto/2.9.201 Version/11.50"
151.59.157.131 - - [09/Nov/2011:10:47:25 +0100] "GET /~ianni/L_GB2.jpg HTTP/1.1" 200 38974 "https://www.mat.unical.it/~ianni/" "Opera/9.80 (X11; Linux zbov; U; it) Presto/2.9.201 Version/11.50"
151.74.62.177 - - [09/Nov/2011:10:55:30 +0100] "GET /informatica/Ianni_Giovambattista HTTP/1.1" 302 5463 "http://www.google.it/url?sa=t&rct=j&q=ianni%20unical%20sitemi%20operativi%20e%20reti&source=web&cd=3&ved=0CDEQFjAC&url=https%3A%2F%2Fwww.mat.unical.it%2Finformatica%2FIanni_Giovambattista&ei=C066ToShNYrNsgan0ryjBg&usg=AFQjCNFG8onQdxFsu4-rFS4pn9Bf9o-aTQ&sig2=ftNSE7u6m8OptoS53vp4qg" "Mozilla/5.0 (Windows NT 6.1; WOW64) AppleWebKit/534.50 (KHTML, like Gecko) Version/5.1 Safari/534.50"
151.74.62.177 - - [09/Nov/2011:10:55:31 +0100] "GET /informatica/Ianni%20Giovambattista HTTP/1.1" 200 6104 "http://www.google.it/url?sa=t&rct=j&q=ianni%20unical%20sitemi%20operativi%20e%20reti&source=web&cd=3&ved=0CDEQFjAC&url=https%3A%2F%2Fwww.mat.unical.it%2Finformatica%2FIanni_Giovambattista&ei=C066ToShNYrNsgan0ryjBg&usg=AFQjCNFG8onQdxFsu4-rFS4pn9Bf9o-aTQ&sig2=ftNSE7u6m8OptoS53vp4qg" "Mozilla/5.0 (Windows NT 6.1; WOW64) AppleWebKit/534.50 (KHTML, like Gecko) Version/5.1 Safari/534.50"
89.97.55.17 - - [09/Nov/2011:10:41:47 +0100] "GET /ianni/netkit-filesystem-i386-F5.1.patch3.tar.bz2 HTTP/1.1" 206 250629554 "http://www.facebook.com/l.php?u=https%3A%2F%2Fwww.mat.unical.it%2Fianni%2Fnetkit-filesystem-i386-F5.1.patch3.tar.bz2&h=hAQHLici4AQFvjLKoNxRBTd_EKsMfpcagdJPY6AAEvjnHjA" "Mozilla/5.0 (Windows NT 5.1) AppleWebKit/535.2 (KHTML, like Gecko) Chrome/15.0.874.106 Safari/535.2"
66.249.72.143 - - [09/Nov/2011:11:13:14 +0100] "GET /~ianni HTTP/1.1" 301 5692 "-" "Mozilla/5.0 (compatible; Googlebot/2.1; +http://www.google.com/bot.html)"
66.249.72.143 - - [09/Nov/2011:11:13:14 +0100] "GET /~ianni/ HTTP/1.1" 200 3283 "-" "Mozilla/5.0 (compatible; Googlebot/2.1; +http://www.google.com/bot.html)"
151.74.62.177 - - [09/Nov/2011:11:13:16 +0100] "GET /ianni/PonteMareMonti.pdf HTTP/1.1" 200 67397 "-" "Mozilla/5.0 (Windows NT 6.1; WOW64) AppleWebKit/534.50 (KHTML, like Gecko) Version/5.1 Safari/534.50"
151.74.62.177 - - [09/Nov/2011:11:19:43 +0100] "GET /ianni/PonteMareMonti.pdf HTTP/1.1" 200 67397 "-" "Mozilla/5.0 (Windows NT 6.1; WOW64) AppleWebKit/534.50 (KHTML, like Gecko) Version/5.1 Safari/534.50"
66.249.72.244 - - [09/Nov/2011:11:50:38 +0100] "GET /~ianni/foaf.rdf HTTP/1.1" 200 7435 "-" "Mozilla/5.0 (compatible; Googlebot/2.1; +http://www.google.com/bot.html)"
66.249.72.244 - - [09/Nov/2011:11:51:40 +0100] "GET /~ianni/biography.html HTTP/1.1" 200 6466 "-" "Mozilla/5.0 (compatible; Googlebot/2.1; +http://www.google.com/bot.html)"
66.249.72.244 - - [09/Nov/2011:11:53:23 +0100] "GET /~ianni/publications.html HTTP/1.1" 200 7744 "-" "Mozilla/5.0 (compatible; Googlebot/2.1; +http://www.google.com/bot.html)"
66.249.72.244 - - [09/Nov/2011:11:54:26 +0100] "GET /~ianni/Forms.HTML:Image.1 HTTP/1.1" 404 5639 "-" "Mozilla/5.0 (compatible; Googlebot/2.1; +http://www.google.com/bot.html)"
188.152.245.225 - - [09/Nov/2011:12:03:24 +0100] "GET /~ianni/ HTTP/1.1" 200 8111 "http://www.unical.it/portale/portaltemplates/view/search_phone.cfm" "Mozilla/5.0 (compatible; MSIE 9.0; Windows NT 6.1; Trident/5.0)"
188.152.245.225 - - [09/Nov/2011:12:03:24 +0100] "GET /~ianni/mail.jpg HTTP/1.1" 200 3014 "https://www.mat.unical.it/~ianni/" "Mozilla/5.0 (compatible; MSIE 9.0; Windows NT 6.1; Trident/5.0)"
188.152.245.225 - - [09/Nov/2011:12:03:24 +0100] "GET /~ianni/foafTiny.gif HTTP/1.1" 200 1619 "https://www.mat.unical.it/~ianni/" "Mozilla/5.0 (compatible; MSIE 9.0; Windows NT 6.1; Trident/5.0)"
188.152.245.225 - - [09/Nov/2011:12:03:24 +0100] "GET /~ianni/L_GB2.jpg HTTP/1.1" 200 38974 "https://www.mat.unical.it/~ianni/" "Mozilla/5.0 (compatible; MSIE 9.0; Windows NT 6.1; Trident/5.0)"
188.152.245.225 - - [09/Nov/2011:12:06:49 +0100] "GET /~ianni HTTP/1.1" 301 803 "http://www.google.it/url?sa=t&rct=j&q=giovambattista%20ianni&source=web&cd=1&ved=0CBwQFjAA&url=http%3A%2F%2Fwww.mat.unical.it%2F~ianni&ei=xF66TriSIpHoOb7fmbQI&usg=AFQjCNFEHGkAcNeL1bLgQb-fHus_ucqONg" "Mozilla/5.0 (compatible; MSIE 9.0; Windows NT 6.1; Trident/5.0)"
188.152.245.225 - - [09/Nov/2011:12:06:54 +0100] "GET /pers/docenti/ianni/ianni.html HTTP/1.1" 200 1399 "http://www.google.it/url?sa=t&rct=j&q=giovambattista%20ianni&source=web&cd=2&ved=0CCMQFjAB&url=http%3A%2F%2Fwww.mat.unical.it%2Fpers%2Fdocenti%2Fianni%2Fianni.html&ei=xF66TriSIpHoOb7fmbQI&usg=AFQjCNGqD_gLxYUjeHTqTrYGtINOpqavEg" "Mozilla/5.0 (compatible; MSIE 9.0; Windows NT 6.1; Trident/5.0)"
188.152.245.225 - - [09/Nov/2011:12:07:07 +0100] "GET /~ianni/secr HTTP/1.1" 301 677 "-" "Mozilla/5.0 (compatible; MSIE 9.0; Windows NT 6.1; Trident/5.0)"
188.152.245.225 - - [09/Nov/2011:12:07:07 +0100] "GET /~ianni/secr/ HTTP/1.1" 200 735 "-" "Mozilla/5.0 (compatible; MSIE 9.0; Windows NT 6.1; Trident/5.0)"
188.152.245.225 - - [09/Nov/2011:12:07:08 +0100] "GET /~ianni/secr/index-frame.html HTTP/1.1" 200 2575 "https://www.mat.unical.it/~ianni/secr/" "Mozilla/5.0 (compatible; MSIE 9.0; Windows NT 6.1; Trident/5.0)"
188.152.245.225 - - [09/Nov/2011:12:07:08 +0100] "GET /~ianni/secr/res/styles.css HTTP/1.1" 200 959 "https://www.mat.unical.it/~ianni/secr/index-frame.html" "Mozilla/5.0 (compatible; MSIE 9.0; Windows NT 6.1; Trident/5.0)"
188.152.245.225 - - [09/Nov/2011:12:07:08 +0100] "GET /~ianni/secr/slides/mind2.html HTTP/1.1" 200 2232 "https://www.mat.unical.it/~ianni/secr/" "Mozilla/5.0 (compatible; MSIE 9.0; Windows NT 6.1; Trident/5.0)"
188.152.245.225 - - [09/Nov/2011:12:07:08 +0100] "GET /~ianni/secr/thumbs/mind2.jpg HTTP/1.1" 200 3798 "https://www.mat.unical.it/~ianni/secr/index-frame.html" "Mozilla/5.0 (compatible; MSIE 9.0; Windows NT 6.1; Trident/5.0)"
188.152.245.225 - - [09/Nov/2011:12:07:08 +0100] "GET /~ianni/secr/slides/digart.gif HTTP/1.1" 200 3025 "https://www.mat.unical.it/~ianni/secr/index-frame.html" "Mozilla/5.0 (compatible; MSIE 9.0; Windows NT 6.1; Trident/5.0)"
188.152.245.225 - - [09/Nov/2011:12:07:08 +0100] "GET /~ianni/secr/logo.gif HTTP/1.1" 200 4895 "https://www.mat.unical.it/~ianni/secr/index-frame.html" "Mozilla/5.0 (compatible; MSIE 9.0; Windows NT 6.1; Trident/5.0)"
188.152.245.225 - - [09/Nov/2011:12:07:08 +0100] "GET /~ianni/secr/stumble.png HTTP/1.1" 200 1303 "https://www.mat.unical.it/~ianni/secr/index-frame.html" "Mozilla/5.0 (compatible; MSIE 9.0; Windows NT 6.1; Trident/5.0)"
188.152.245.225 - - [09/Nov/2011:12:07:08 +0100] "GET /~ianni/secr/slides/gfx.gif HTTP/1.1" 200 2213 "https://www.mat.unical.it/~ianni/secr/index-frame.html" "Mozilla/5.0 (compatible; MSIE 9.0; Windows NT 6.1; Trident/5.0)"
188.152.245.225 - - [09/Nov/2011:12:07:08 +0100] "GET /~ianni/secr/mocanet140x50.jpg HTTP/1.1" 200 21557 "https://www.mat.unical.it/~ianni/secr/index-frame.html" "Mozilla/5.0 (compatible; MSIE 9.0; Windows NT 6.1; Trident/5.0)"
188.152.245.225 - - [09/Nov/2011:12:07:08 +0100] "GET /~ianni/secr/thumbs/secrezioni.jpg HTTP/1.1" 200 4505 "https://www.mat.unical.it/~ianni/secr/index-frame.html" "Mozilla/5.0 (compatible; MSIE 9.0; Windows NT 6.1; Trident/5.0)"
188.152.245.225 - - [09/Nov/2011:12:07:08 +0100] "GET /~ianni/secr/thumbs/Invasions.jpg HTTP/1.1" 200 8337 "https://www.mat.unical.it/~ianni/secr/index-frame.html" "Mozilla/5.0 (compatible; MSIE 9.0; Windows NT 6.1; Trident/5.0)"
188.152.245.225 - - [09/Nov/2011:12:07:08 +0100] "GET /~ianni/secr/thumbs/flower.jpg HTTP/1.1" 200 3480 "https://www.mat.unical.it/~ianni/secr/index-frame.html" "Mozilla/5.0 (compatible; MSIE 9.0; Windows NT 6.1; Trident/5.0)"
188.152.245.225 - - [09/Nov/2011:12:07:08 +0100] "GET /~ianni/secr/thumbs/Hug%200.jpg HTTP/1.1" 200 2987 "https://www.mat.unical.it/~ianni/secr/index-frame.html" "Mozilla/5.0 (compatible; MSIE 9.0; Windows NT 6.1; Trident/5.0)"
188.152.245.225 - - [09/Nov/2011:12:07:08 +0100] "GET /~ianni/secr/thumbs/Hug%203.jpg HTTP/1.1" 200 6678 "https://www.mat.unical.it/~ianni/secr/index-frame.html" "Mozilla/5.0 (compatible; MSIE 9.0; Windows NT 6.1; Trident/5.0)"
188.152.245.225 - - [09/Nov/2011:12:07:09 +0100] "GET /~ianni/secr/thumbs/Nice%20Thing%2003.jpg HTTP/1.1" 200 6344 "https://www.mat.unical.it/~ianni/secr/index-frame.html" "Mozilla/5.0 (compatible; MSIE 9.0; Windows NT 6.1; Trident/5.0)"
188.152.245.225 - - [09/Nov/2011:12:07:09 +0100] "GET /~ianni/secr/thumbs/Nice%20Thing%2002.jpg HTTP/1.1" 200 2634 "https://www.mat.unical.it/~ianni/secr/index-frame.html" "Mozilla/5.0 (compatible; MSIE 9.0; Windows NT 6.1; Trident/5.0)"
188.152.245.225 - - [09/Nov/2011:12:07:09 +0100] "GET /~ianni/secr/thumbs/Angel2.JPG HTTP/1.1" 200 3977 "https://www.mat.unical.it/~ianni/secr/index-frame.html" "Mozilla/5.0 (compatible; MSIE 9.0; Windows NT 6.1; Trident/5.0)"
188.152.245.225 - - [09/Nov/2011:12:07:09 +0100] "GET /~ianni/secr/thumbs/Dreams.jpg HTTP/1.1" 200 3446 "https://www.mat.unical.it/~ianni/secr/index-frame.html" "Mozilla/5.0 (compatible; MSIE 9.0; Windows NT 6.1; Trident/5.0)"
188.152.245.225 - - [09/Nov/2011:12:07:09 +0100] "GET /~ianni/secr/thumbs/Secrezioni%203.jpg HTTP/1.1" 200 6483 "https://www.mat.unical.it/~ianni/secr/index-frame.html" "Mozilla/5.0 (compatible; MSIE 9.0; Windows NT 6.1; Trident/5.0)"
188.152.245.225 - - [09/Nov/2011:12:07:09 +0100] "GET /~ianni/secr/thumbs/Wolf.jpg HTTP/1.1" 200 5293 "https://www.mat.unical.it/~ianni/secr/index-frame.html" "Mozilla/5.0 (compatible; MSIE 9.0; Windows NT 6.1; Trident/5.0)"
188.152.245.225 - - [09/Nov/2011:12:07:09 +0100] "GET /~ianni/secr/thumbs/GB%20001x.jpg HTTP/1.1" 200 5613 "https://www.mat.unical.it/~ianni/secr/index-frame.html" "Mozilla/5.0 (compatible; MSIE 9.0; Windows NT 6.1; Trident/5.0)"
188.152.245.225 - - [09/Nov/2011:12:07:09 +0100] "GET /~ianni/secr/thumbs/GB%20002.jpg HTTP/1.1" 200 4703 "https://www.mat.unical.it/~ianni/secr/index-frame.html" "Mozilla/5.0 (compatible; MSIE 9.0; Windows NT 6.1; Trident/5.0)"
188.152.245.225 - - [09/Nov/2011:12:07:09 +0100] "GET /~ianni/secr/thumbs/Yin%20&%20Yang.jpg HTTP/1.1" 200 5671 "https://www.mat.unical.it/~ianni/secr/index-frame.html" "Mozilla/5.0 (compatible; MSIE 9.0; Windows NT 6.1; Trident/5.0)"
188.152.245.225 - - [09/Nov/2011:12:07:09 +0100] "GET /~ianni/secr/thumbs/Secrezione%207.jpg HTTP/1.1" 200 7092 "https://www.mat.unical.it/~ianni/secr/index-frame.html" "Mozilla/5.0 (compatible; MSIE 9.0; Windows NT 6.1; Trident/5.0)"
188.152.245.225 - - [09/Nov/2011:12:07:10 +0100] "GET /~ianni/secr/thumbs/secrezione%202.jpg HTTP/1.1" 200 5943 "https://www.mat.unical.it/~ianni/secr/index-frame.html" "Mozilla/5.0 (compatible; MSIE 9.0; Windows NT 6.1; Trident/5.0)"
188.152.245.225 - - [09/Nov/2011:12:07:10 +0100] "GET /~ianni/secr/thumbs/GB%20001.jpg HTTP/1.1" 200 3995 "https://www.mat.unical.it/~ianni/secr/index-frame.html" "Mozilla/5.0 (compatible; MSIE 9.0; Windows NT 6.1; Trident/5.0)"
188.152.245.225 - - [09/Nov/2011:12:07:10 +0100] "GET /~ianni/secr/thumbs/Snoopy.jpg HTTP/1.1" 200 5193 "https://www.mat.unical.it/~ianni/secr/index-frame.html" "Mozilla/5.0 (compatible; MSIE 9.0; Windows NT 6.1; Trident/5.0)"
188.152.245.225 - - [09/Nov/2011:12:07:10 +0100] "GET /~ianni/secr/thumbs/The%20Pain.JPG HTTP/1.1" 200 4179 "https://www.mat.unical.it/~ianni/secr/index-frame.html" "Mozilla/5.0 (compatible; MSIE 9.0; Windows NT 6.1; Trident/5.0)"
188.152.245.225 - - [09/Nov/2011:12:07:10 +0100] "GET /~ianni/secr/thumbs/eye3.jpg HTTP/1.1" 200 2885 "https://www.mat.unical.it/~ianni/secr/index-frame.html" "Mozilla/5.0 (compatible; MSIE 9.0; Windows NT 6.1; Trident/5.0)"
188.152.245.225 - - [09/Nov/2011:12:07:10 +0100] "GET /~ianni/secr/thumbs/Dream.jpg HTTP/1.1" 200 6879 "https://www.mat.unical.it/~ianni/secr/index-frame.html" "Mozilla/5.0 (compatible; MSIE 9.0; Windows NT 6.1; Trident/5.0)"
188.152.245.225 - - [09/Nov/2011:12:07:10 +0100] "GET /~ianni/secr/thumbs/Touched.jpg HTTP/1.1" 200 3475 "https://www.mat.unical.it/~ianni/secr/index-frame.html" "Mozilla/5.0 (compatible; MSIE 9.0; Windows NT 6.1; Trident/5.0)"
188.152.245.225 - - [09/Nov/2011:12:07:10 +0100] "GET /~ianni/secr/thumbs/DragonFLy.jpg HTTP/1.1" 200 4434 "https://www.mat.unical.it/~ianni/secr/index-frame.html" "Mozilla/5.0 (compatible; MSIE 9.0; Windows NT 6.1; Trident/5.0)"
188.152.245.225 - - [09/Nov/2011:12:07:10 +0100] "GET /~ianni/secr/thumbs/Chain.jpg HTTP/1.1" 200 3612 "https://www.mat.unical.it/~ianni/secr/index-frame.html" "Mozilla/5.0 (compatible; MSIE 9.0; Windows NT 6.1; Trident/5.0)"
188.152.245.225 - - [09/Nov/2011:12:07:10 +0100] "GET /~ianni/secr/thumbs/Orbits.jpg HTTP/1.1" 200 4602 "https://www.mat.unical.it/~ianni/secr/index-frame.html" "Mozilla/5.0 (compatible; MSIE 9.0; Windows NT 6.1; Trident/5.0)"
188.152.245.225 - - [09/Nov/2011:12:07:10 +0100] "GET /~ianni/secr/thumbs/Babel.jpg HTTP/1.1" 200 5178 "https://www.mat.unical.it/~ianni/secr/index-frame.html" "Mozilla/5.0 (compatible; MSIE 9.0; Windows NT 6.1; Trident/5.0)"
188.152.245.225 - - [09/Nov/2011:12:07:11 +0100] "GET /~ianni/secr/thumbs/Crocodyle.jpg HTTP/1.1" 200 4252 "https://www.mat.unical.it/~ianni/secr/index-frame.html" "Mozilla/5.0 (compatible; MSIE 9.0; Windows NT 6.1; Trident/5.0)"
188.152.245.225 - - [09/Nov/2011:12:07:11 +0100] "GET /~ianni/secr/thumbs/Crop.jpg HTTP/1.1" 200 2970 "https://www.mat.unical.it/~ianni/secr/index-frame.html" "Mozilla/5.0 (compatible; MSIE 9.0; Windows NT 6.1; Trident/5.0)"
188.152.245.225 - - [09/Nov/2011:12:07:11 +0100] "GET /~ianni/secr/thumbs/Bed1.jpg HTTP/1.1" 200 6373 "https://www.mat.unical.it/~ianni/secr/index-frame.html" "Mozilla/5.0 (compatible; MSIE 9.0; Windows NT 6.1; Trident/5.0)"
188.152.245.225 - - [09/Nov/2011:12:07:11 +0100] "GET /~ianni/secr/thumbs/Kid2.jpg HTTP/1.1" 200 4812 "https://www.mat.unical.it/~ianni/secr/index-frame.html" "Mozilla/5.0 (compatible; MSIE 9.0; Windows NT 6.1; Trident/5.0)"
188.152.245.225 - - [09/Nov/2011:12:07:11 +0100] "GET /~ianni/secr/thumbs/center2.jpg HTTP/1.1" 200 4514 "https://www.mat.unical.it/~ianni/secr/index-frame.html" "Mozilla/5.0 (compatible; MSIE 9.0; Windows NT 6.1; Trident/5.0)"
188.152.245.225 - - [09/Nov/2011:12:07:11 +0100] "GET /~ianni/secr/thumbs/landscape.jpg HTTP/1.1" 200 6462 "https://www.mat.unical.it/~ianni/secr/index-frame.html" "Mozilla/5.0 (compatible; MSIE 9.0; Windows NT 6.1; Trident/5.0)"
188.152.245.225 - - [09/Nov/2011:12:07:11 +0100] "GET /~ianni/secr/thumbs/eyes.jpg HTTP/1.1" 200 2160 "https://www.mat.unical.it/~ianni/secr/index-frame.html" "Mozilla/5.0 (compatible; MSIE 9.0; Windows NT 6.1; Trident/5.0)"
188.152.245.225 - - [09/Nov/2011:12:07:11 +0100] "GET /~ianni/secr/thumbs/Mare.%20Senza%20Celo.jpg HTTP/1.1" 200 5483 "https://www.mat.unical.it/~ianni/secr/index-frame.html" "Mozilla/5.0 (compatible; MSIE 9.0; Windows NT 6.1; Trident/5.0)"
188.152.245.225 - - [09/Nov/2011:12:07:11 +0100] "GET /~ianni/secr/thumbs/SeaWithoutSky.jpg HTTP/1.1" 200 4680 "https://www.mat.unical.it/~ianni/secr/index-frame.html" "Mozilla/5.0 (compatible; MSIE 9.0; Windows NT 6.1; Trident/5.0)"
188.152.245.225 - - [09/Nov/2011:12:07:11 +0100] "GET /~ianni/secr/thumbs/AcchiappaSogni.jpg HTTP/1.1" 200 6006 "https://www.mat.unical.it/~ianni/secr/index-frame.html" "Mozilla/5.0 (compatible; MSIE 9.0; Windows NT 6.1; Trident/5.0)"
188.152.245.225 - - [09/Nov/2011:12:07:11 +0100] "GET /~ianni/secr/thumbs/Ingfeelings.jpg HTTP/1.1" 200 7033 "https://www.mat.unical.it/~ianni/secr/index-frame.html" "Mozilla/5.0 (compatible; MSIE 9.0; Windows NT 6.1; Trident/5.0)"
188.152.245.225 - - [09/Nov/2011:12:07:11 +0100] "GET /~ianni/secr/thumbs/SandFalls.jpg HTTP/1.1" 200 4354 "https://www.mat.unical.it/~ianni/secr/index-frame.html" "Mozilla/5.0 (compatible; MSIE 9.0; Windows NT 6.1; Trident/5.0)"
188.152.245.225 - - [09/Nov/2011:12:07:12 +0100] "GET /~ianni/secr/slides/mocanet140x50.jpg HTTP/1.1" 200 21423 "https://www.mat.unical.it/~ianni/secr/slides/mind2.html" "Mozilla/5.0 (compatible; MSIE 9.0; Windows NT 6.1; Trident/5.0)"
